[{
  "last_modified": "0001-01-01T00:00:00Z",
  "source": "github.com/flanksource/canary-checker/fixtures/minimal/http_pass_single.yaml",
  "id": "http-pass-single",
  "config_class": "Canary",
  "config": {
    "apiVersion": "canaries.flanksource.com/v1",
    "kind": "Canary",
    "metadata": {
      "labels": {
        "canary": "http"
      },
      "name": "http-pass-single"
    },
    "spec": {
      "http": [
        {
          "endpoint": "https://httpbin.demo.aws.flanksource.com/status/200",
          "maxSSLExpiry": 7,
          "name": "sample-check",
          "responseCodes": [
            201,
            200,
            301
          ],
          "responseContent": "",
          "test": {
            "expr": "code == 200"
          },
          "thresholdMillis": 3000
        }
      ],
      "interval": 30
    }
  }
}]
